1790652886.105503 client started (9953): version 3.6, socket /tmp/tmux-1000/default, protocol 8
1790652886.105539 on Linux 7.0.0-34-generic #34-Ubuntu SMP PREEMPT_DYNAMIC Wed Sep  2 14:29:37 UTC 2026
1790652886.105543 using libevent 2.1.12-stable poll
1790652886.105545 using ncurses 6.6 20251231
1790652886.105569 flags are 0x18010000
1790652886.105579 socket is /tmp/tmux-1000/default
1790652886.105591 trying connect
1790652886.105609 connect failed: Connection refused
1790652886.105619 lock file is /tmp/tmux-1000/default.lock
1790652886.105639 flock succeeded
1790652886.105642 got lock (6)
1790652886.105648 trying connect
1790652886.105656 connect failed: Connection refused
1790652886.105946 add peer 0x70c1e18341c0: 7 ((nil))
1790652886.106404 sending message 111 to peer 0x70c1e18341c0 (8 bytes)
1790652886.106418 sending message 111 to peer 0x70c1e18341c0 (8 bytes)
1790652886.106422 sending message 101 to peer 0x70c1e18341c0 (6 bytes)
1790652886.106426 sending message 109 to peer 0x70c1e18341c0 (4 bytes)
1790652886.106429 sending message 102 to peer 0x70c1e18341c0 (10 bytes)
1790652886.106432 sending message 108 to peer 0x70c1e18341c0 (34 bytes)
1790652886.106435 sending message 112 to peer 0x70c1e18341c0 (70 bytes)
1790652886.106438 sending message 112 to peer 0x70c1e18341c0 (5 bytes)
1790652886.106441 sending message 112 to peer 0x70c1e18341c0 (5 bytes)
1790652886.106444 sending message 112 to peer 0x70c1e18341c0 (6 bytes)
1790652886.106447 sending message 112 to peer 0x70c1e18341c0 (6 bytes)
1790652886.106449 sending message 112 to peer 0x70c1e18341c0 (11 bytes)
1790652886.106452 sending message 112 to peer 0x70c1e18341c0 (10 bytes)
1790652886.106455 sending message 112 to peer 0x70c1e18341c0 (18 bytes)
1790652886.106458 sending message 112 to peer 0x70c1e18341c0 (13 bytes)
1790652886.106461 sending message 112 to peer 0x70c1e18341c0 (18 bytes)
1790652886.106463 sending message 112 to peer 0x70c1e18341c0 (9 bytes)
1790652886.106466 sending message 112 to peer 0x70c1e18341c0 (21 bytes)
1790652886.106469 sending message 112 to peer 0x70c1e18341c0 (13 bytes)
1790652886.106471 sending message 112 to peer 0x70c1e18341c0 (7 bytes)
1790652886.106474 sending message 112 to peer 0x70c1e18341c0 (13 bytes)
1790652886.106477 sending message 112 to peer 0x70c1e18341c0 (7 bytes)
1790652886.106480 sending message 112 to peer 0x70c1e18341c0 (13 bytes)
1790652886.106482 sending message 112 to peer 0x70c1e18341c0 (9 bytes)
1790652886.106485 sending message 112 to peer 0x70c1e18341c0 (21 bytes)
1790652886.106488 sending message 112 to peer 0x70c1e18341c0 (13 bytes)
1790652886.106491 sending message 112 to peer 0x70c1e18341c0 (9 bytes)
1790652886.106493 sending message 112 to peer 0x70c1e18341c0 (18 bytes)
1790652886.106496 sending message 112 to peer 0x70c1e18341c0 (13 bytes)
1790652886.106499 sending message 112 to peer 0x70c1e18341c0 (9 bytes)
1790652886.106502 sending message 112 to peer 0x70c1e18341c0 (9 bytes)
1790652886.106504 sending message 112 to peer 0x70c1e18341c0 (12 bytes)
1790652886.106511 sending message 112 to peer 0x70c1e18341c0 (8 bytes)
1790652886.106514 sending message 112 to peer 0x70c1e18341c0 (8 bytes)
1790652886.106517 sending message 112 to peer 0x70c1e18341c0 (13 bytes)
1790652886.106519 sending message 112 to peer 0x70c1e18341c0 (7 bytes)
1790652886.106522 sending message 112 to peer 0x70c1e18341c0 (7 bytes)
1790652886.106525 sending message 112 to peer 0x70c1e18341c0 (9 bytes)
1790652886.106528 sending message 112 to peer 0x70c1e18341c0 (10 bytes)
1790652886.106530 sending message 112 to peer 0x70c1e18341c0 (9 bytes)
1790652886.106533 sending message 112 to peer 0x70c1e18341c0 (15 bytes)
1790652886.106536 sending message 112 to peer 0x70c1e18341c0 (13 bytes)
1790652886.106539 sending message 112 to peer 0x70c1e18341c0 (9 bytes)
1790652886.106541 sending message 112 to peer 0x70c1e18341c0 (12 bytes)
1790652886.106544 sending message 112 to peer 0x70c1e18341c0 (8 bytes)
1790652886.106547 sending message 112 to peer 0x70c1e18341c0 (8 bytes)
1790652886.106550 sending message 112 to peer 0x70c1e18341c0 (10 bytes)
1790652886.106552 sending message 112 to peer 0x70c1e18341c0 (10 bytes)
1790652886.106562 sending message 112 to peer 0x70c1e18341c0 (10 bytes)
1790652886.106566 sending message 112 to peer 0x70c1e18341c0 (10 bytes)
1790652886.106568 sending message 112 to peer 0x70c1e18341c0 (11 bytes)
1790652886.106571 sending message 112 to peer 0x70c1e18341c0 (10 bytes)
1790652886.106574 sending message 112 to peer 0x70c1e18341c0 (9 bytes)
1790652886.106577 sending message 112 to peer 0x70c1e18341c0 (11 bytes)
1790652886.106579 sending message 112 to peer 0x70c1e18341c0 (11 bytes)
1790652886.106582 sending message 112 to peer 0x70c1e18341c0 (11 bytes)
1790652886.106585 sending message 112 to peer 0x70c1e18341c0 (11 bytes)
1790652886.106588 sending message 112 to peer 0x70c1e18341c0 (11 bytes)
1790652886.106590 sending message 112 to peer 0x70c1e18341c0 (11 bytes)
1790652886.106593 sending message 112 to peer 0x70c1e18341c0 (11 bytes)
1790652886.106596 sending message 112 to peer 0x70c1e18341c0 (11 bytes)
1790652886.106599 sending message 112 to peer 0x70c1e18341c0 (11 bytes)
1790652886.106606 sending message 112 to peer 0x70c1e18341c0 (11 bytes)
1790652886.106609 sending message 112 to peer 0x70c1e18341c0 (9 bytes)
1790652886.106612 sending message 112 to peer 0x70c1e18341c0 (11 bytes)
1790652886.106615 sending message 112 to peer 0x70c1e18341c0 (9 bytes)
1790652886.106618 sending message 112 to peer 0x70c1e18341c0 (9 bytes)
1790652886.106620 sending message 112 to peer 0x70c1e18341c0 (9 bytes)
1790652886.106623 sending message 112 to peer 0x70c1e18341c0 (10 bytes)
1790652886.106626 sending message 112 to peer 0x70c1e18341c0 (10 bytes)
1790652886.106628 sending message 112 to peer 0x70c1e18341c0 (10 bytes)
1790652886.106631 sending message 112 to peer 0x70c1e18341c0 (10 bytes)
1790652886.106633 sending message 112 to peer 0x70c1e18341c0 (11 bytes)
1790652886.106636 sending message 112 to peer 0x70c1e18341c0 (11 bytes)
1790652886.106639 sending message 112 to peer 0x70c1e18341c0 (10 bytes)
1790652886.106641 sending message 112 to peer 0x70c1e18341c0 (9 bytes)
1790652886.106644 sending message 112 to peer 0x70c1e18341c0 (9 bytes)
1790652886.106647 sending message 112 to peer 0x70c1e18341c0 (12 bytes)
1790652886.106649 sending message 112 to peer 0x70c1e18341c0 (9 bytes)
1790652886.106652 sending message 112 to peer 0x70c1e18341c0 (6 bytes)
1790652886.106655 sending message 112 to peer 0x70c1e18341c0 (8 bytes)
1790652886.106657 sending message 112 to peer 0x70c1e18341c0 (16 bytes)
1790652886.106660 sending message 112 to peer 0x70c1e18341c0 (16 bytes)
1790652886.106663 sending message 112 to peer 0x70c1e18341c0 (10 bytes)
1790652886.106665 sending message 112 to peer 0x70c1e18341c0 (8 bytes)
1790652886.106668 sending message 112 to peer 0x70c1e18341c0 (10 bytes)
1790652886.106670 sending message 112 to peer 0x70c1e18341c0 (10 bytes)
1790652886.106673 sending message 112 to peer 0x70c1e18341c0 (5 bytes)
1790652886.106676 sending message 112 to peer 0x70c1e18341c0 (15 bytes)
1790652886.106679 sending message 104 to peer 0x70c1e18341c0 (0 bytes)
1790652886.106683 sending message 110 to peer 0x70c1e18341c0 (0 bytes)
1790652886.106686 sending message 107 to peer 0x70c1e18341c0 (4 bytes)
1790652886.106689 sending message 105 to peer 0x70c1e18341c0 (16 bytes)
1790652886.106692 sending message 105 to peer 0x70c1e18341c0 (15 bytes)
1790652886.106695 sending message 105 to peer 0x70c1e18341c0 (38 bytes)
1790652886.106697 sending message 105 to peer 0x70c1e18341c0 (18 bytes)
1790652886.106700 sending message 105 to peer 0x70c1e18341c0 (21 bytes)
1790652886.106703 sending message 105 to peer 0x70c1e18341c0 (21 bytes)
1790652886.106706 sending message 105 to peer 0x70c1e18341c0 (17 bytes)
1790652886.106709 sending message 105 to peer 0x70c1e18341c0 (1764 bytes)
1790652886.106716 sending message 105 to peer 0x70c1e18341c0 (41 bytes)
1790652886.106720 sending message 105 to peer 0x70c1e18341c0 (34 bytes)
1790652886.106723 sending message 105 to peer 0x70c1e18341c0 (23 bytes)
1790652886.106725 sending message 105 to peer 0x70c1e18341c0 (11 bytes)
1790652886.106728 sending message 105 to peer 0x70c1e18341c0 (32 bytes)
1790652886.106735 sending message 105 to peer 0x70c1e18341c0 (15 bytes)
1790652886.106738 sending message 105 to peer 0x70c1e18341c0 (8 bytes)
1790652886.106741 sending message 105 to peer 0x70c1e18341c0 (11 bytes)
1790652886.106743 sending message 105 to peer 0x70c1e18341c0 (17 bytes)
1790652886.106746 sending message 105 to peer 0x70c1e18341c0 (31 bytes)
1790652886.106749 sending message 105 to peer 0x70c1e18341c0 (47 bytes)
1790652886.106752 sending message 105 to peer 0x70c1e18341c0 (24 bytes)
1790652886.106755 sending message 105 to peer 0x70c1e18341c0 (82 bytes)
1790652886.106757 sending message 105 to peer 0x70c1e18341c0 (185 bytes)
1790652886.106760 sending message 105 to peer 0x70c1e18341c0 (54 bytes)
1790652886.106763 sending message 105 to peer 0x70c1e18341c0 (25 bytes)
1790652886.106766 sending message 105 to peer 0x70c1e18341c0 (35 bytes)
1790652886.106768 sending message 105 to peer 0x70c1e18341c0 (16 bytes)
1790652886.106771 sending message 106 to peer 0x70c1e18341c0 (0 bytes)
1790652886.106803 sending message 200 to peer 0x70c1e18341c0 (4 bytes)
1790652886.106807 client loop enter
1790652886.106825 client_signal: Child exited
1790652886.556783 peer 0x70c1e18341c0 message 207
1790652886.556797 sending message 208 to peer 0x70c1e18341c0 (0 bytes)
1790652899.352259 peer 0x70c1e18341c0 message 201
1790652899.352285 sending message 205 to peer 0x70c1e18341c0 (0 bytes)
1790652899.354324 peer 0x70c1e18341c0 message 204
1790652899.354344 client loop exit
